// Jest Snapshot v1, https://goo.gl/fbAQLP

exports[`Test ContactCard component should be rendered 1`] = `
<DocumentFragment>
  <div
    class="contact-card"
    data-testid="contact"
  >
    <div
      class="contact-card__avatar"
    />
    <div
      class="contact-card__info"
    >
      <p
        class="contact-card__username"
      >
        Name 1
      </p>
    </div>
  </div>
</DocumentFragment>
`;
