// Jest Snapshot v1, https://goo.gl/fbAQLP

exports[`Test MessageList component should be rendered 1`] = `
<DocumentFragment>
  <div
    class="message-list"
  >
    <div
      class="chat-message "
      data-testid="chat-message"
    >
      <p
        class="chat-message__user"
      >
        User 1
      </p>
      <p
        class="chat-message__text"
      >
        Text 1
      </p>
    </div>
    <div
      class="chat-message "
      data-testid="chat-message"
    >
      <p
        class="chat-message__user"
      >
        User 2
      </p>
      <p
        class="chat-message__text"
      >
        Text 2
      </p>
    </div>
    <div
      class="chat-message "
      data-testid="chat-message"
    >
      <p
        class="chat-message__user"
      >
        User 3
      </p>
      <p
        class="chat-message__text"
      >
        Text 3
      </p>
    </div>
  </div>
</DocumentFragment>
`;
